2025-05-17 01:06:29,875 - qdarkstyle - INFO - QSS file successfully loaded.
2025-05-17 01:06:29,875 - qdarkstyle - INFO - Found version patches to be applied.
2025-05-17 01:06:29,875 - qdarkstyle - INFO - Found application patches to be applied.
2025-05-17 01:23:51,657 - qdarkstyle - INFO - QSS file successfully loaded.
2025-05-17 01:23:51,657 - qdarkstyle - INFO - Found version patches to be applied.
2025-05-17 01:23:51,657 - qdarkstyle - INFO - Found application patches to be applied.
2025-05-17 01:25:02,281 - qdarkstyle - INFO - QSS file successfully loaded.
2025-05-17 01:25:02,282 - qdarkstyle - INFO - Found version patches to be applied.
2025-05-17 01:25:02,282 - qdarkstyle - INFO - Found application patches to be applied.
2025-05-17 01:26:26,171 - qdarkstyle - INFO - QSS file successfully loaded.
2025-05-17 01:26:26,171 - qdarkstyle - INFO - Found version patches to be applied.
2025-05-17 01:26:26,171 - qdarkstyle - INFO - Found application patches to be applied.
2025-05-17 01:33:00,079 - qdarkstyle - INFO - QSS file successfully loaded.
2025-05-17 01:33:00,080 - qdarkstyle - INFO - Found version patches to be applied.
2025-05-17 01:33:00,080 - qdarkstyle - INFO - Found application patches to be applied.
2025-05-17 01:43:01,679 - AssetIngestor - INFO - Monitoramento iniciado na pasta: C:\Users\drdan\GoNetworkAI\incoming
2025-05-17 01:43:32,344 - AssetIngestor - INFO - Monitoramento interrompido
2025-05-17 01:44:14,578 - AssetIngestor - INFO - Arquivo processado com sucesso: C:\Users\drdan\Downloads\dashboard-design-concept.png -> 20250517_014414_871e6e9c_dashboard-design-concept.png
2025-05-17 01:44:31,226 - AssetIngestor - INFO - Arquivo processado com sucesso: C:\Users\drdan\Downloads\20250513_2343_Sleek Riviera Logo_simple_compose_01jv6at3t1e0g80czm73q5m66a.mp4 -> 20250517_014431_f6b25866_20250513_2343_Sleek Riviera Logo_simple_compose_01jv6at3t1e0g80czm73q5m66a.mp4
2025-05-17 01:44:50,874 - AssetIngestor - INFO - Monitoramento iniciado na pasta: C:\Users\drdan\GoNetworkAI\incoming
2025-05-17 01:44:52,221 - AssetIngestor - INFO - Monitoramento interrompido
2025-05-17 01:44:54,005 - AssetIngestor - INFO - Monitoramento iniciado na pasta: C:\Users\drdan\GoNetworkAI\incoming
2025-05-17 01:45:19,248 - AssetIngestor - INFO - Arquivo processado com sucesso: C:\Users\drdan\Downloads\bee99a34-1eef-4523-98dd-49b005e33fa1.mp4 -> 20250517_014519_06ab20d7_bee99a34-1eef-4523-98dd-49b005e33fa1.mp4
2025-05-17 01:47:37,896 - AssetIngestor - INFO - Monitoramento interrompido
2025-05-17 01:47:52,572 - AssetIngestor - INFO - Monitoramento iniciado na pasta: C:\Users\drdan\GoNetworkAI\incoming
2025-05-17 01:50:10,978 - AssetIngestor - INFO - Arquivo processado com sucesso: C:\Users\drdan\Downloads\20250513_2349_Missing Prompt_loop_01jv6b5r81ev3a3gjwyr9xpm49.mp4 -> 20250517_015010_6ccfff02_20250513_2349_Missing Prompt_loop_01jv6b5r81ev3a3gjwyr9xpm49.mp4
2025-05-17 01:52:44,459 - qdarkstyle - INFO - QSS file successfully loaded.
2025-05-17 01:52:44,459 - qdarkstyle - INFO - Found version patches to be applied.
2025-05-17 01:52:44,460 - qdarkstyle - INFO - Found application patches to be applied.
2025-05-17 01:54:52,237 - qdarkstyle - INFO - QSS file successfully loaded.
2025-05-17 01:54:52,237 - qdarkstyle - INFO - Found version patches to be applied.
2025-05-17 01:54:52,237 - qdarkstyle - INFO - Found application patches to be applied.
2025-05-17 19:16:18,184 - qdarkstyle - INFO - QSS file successfully loaded.
2025-05-17 19:16:18,184 - qdarkstyle - INFO - Found version patches to be applied.
2025-05-17 19:16:18,184 - qdarkstyle - INFO - Found application patches to be applied.
2025-05-17 22:09:30,024 - qdarkstyle - INFO - QSS file successfully loaded.
2025-05-17 22:09:30,024 - qdarkstyle - INFO - Found version patches to be applied.
2025-05-17 22:09:30,029 - qdarkstyle - INFO - Found application patches to be applied.
